// Vitest Snapshot v1, https://vitest.dev/guide/snapshot.html

exports[`<ProjectCard /> 1`] = `
{
  "asFragment": [Function],
  "baseElement": <body>
    <div>
      <article
        class="flex gap-4 rounded-sm border p-4"
      >
        <div
          class="grid flex-1 gap-2"
        >
          <h2
            class="text-lg font-semibold"
          >
            mock project
          </h2>
          <p
            class="max-w-[700px]"
          >
            project description
          </p>
          <div
            class="flex flex-col gap-4 text-sm md:flex-row"
          >
            <div
              class="flex items-center gap-1"
            >
              <div
                class="size-4 rounded-full bg-[#F5DA79]"
              />
              <span>
                JavaScript
              </span>
            </div>
            <div>
              Updated on
               
              Jun 16, 2024
            </div>
          </div>
        </div>
        <div>
          <button
            aria-label="Add as favorite"
            class="rounded-full border p-3 bg-white-background-matte"
            type="button"
          >
            <svg
              class="lucide lucide-heart text-placeholder"
              fill="none"
              height="24"
              stroke="currentColor"
              stroke-linecap="round"
              stroke-linejoin="round"
              stroke-width="2"
              viewBox="0 0 24 24"
              width="24"
              xmlns="http://www.w3.org/2000/svg"
            >
              <path
                d="M19 14c1.49-1.46 3-3.21 3-5.5A5.5 5.5 0 0 0 16.5 3c-1.76 0-3 .5-4.5 2-1.5-1.5-2.74-2-4.5-2A5.5 5.5 0 0 0 2 8.5c0 2.3 1.5 4.05 3 5.5l7 7Z"
              />
            </svg>
          </button>
        </div>
      </article>
    </div>
  </body>,
  "container": <div>
    <article
      class="flex gap-4 rounded-sm border p-4"
    >
      <div
        class="grid flex-1 gap-2"
      >
        <h2
          class="text-lg font-semibold"
        >
          mock project
        </h2>
        <p
          class="max-w-[700px]"
        >
          project description
        </p>
        <div
          class="flex flex-col gap-4 text-sm md:flex-row"
        >
          <div
            class="flex items-center gap-1"
          >
            <div
              class="size-4 rounded-full bg-[#F5DA79]"
            />
            <span>
              JavaScript
            </span>
          </div>
          <div>
            Updated on
             
            Jun 16, 2024
          </div>
        </div>
      </div>
      <div>
        <button
          aria-label="Add as favorite"
          class="rounded-full border p-3 bg-white-background-matte"
          type="button"
        >
          <svg
            class="lucide lucide-heart text-placeholder"
            fill="none"
            height="24"
            stroke="currentColor"
            stroke-linecap="round"
            stroke-linejoin="round"
            stroke-width="2"
            viewBox="0 0 24 24"
            width="24"
            xmlns="http://www.w3.org/2000/svg"
          >
            <path
              d="M19 14c1.49-1.46 3-3.21 3-5.5A5.5 5.5 0 0 0 16.5 3c-1.76 0-3 .5-4.5 2-1.5-1.5-2.74-2-4.5-2A5.5 5.5 0 0 0 2 8.5c0 2.3 1.5 4.05 3 5.5l7 7Z"
            />
          </svg>
        </button>
      </div>
    </article>
  </div>,
  "debug": [Function],
  "findAllByAltText": [Function],
  "findAllByDisplayValue": [Function],
  "findAllByLabelText": [Function],
  "findAllByPlaceholderText": [Function],
  "findAllByRole": [Function],
  "findAllByTestId": [Function],
  "findAllByText": [Function],
  "findAllByTitle": [Function],
  "findByAltText": [Function],
  "findByDisplayValue": [Function],
  "findByLabelText": [Function],
  "findByPlaceholderText": [Function],
  "findByRole": [Function],
  "findByTestId": [Function],
  "findByText": [Function],
  "findByTitle": [Function],
  "getAllByAltText": [Function],
  "getAllByDisplayValue": [Function],
  "getAllByLabelText": [Function],
  "getAllByPlaceholderText": [Function],
  "getAllByRole": [Function],
  "getAllByTestId": [Function],
  "getAllByText": [Function],
  "getAllByTitle": [Function],
  "getByAltText": [Function],
  "getByDisplayValue": [Function],
  "getByLabelText": [Function],
  "getByPlaceholderText": [Function],
  "getByRole": [Function],
  "getByTestId": [Function],
  "getByText": [Function],
  "getByTitle": [Function],
  "queryAllByAltText": [Function],
  "queryAllByDisplayValue": [Function],
  "queryAllByLabelText": [Function],
  "queryAllByPlaceholderText": [Function],
  "queryAllByRole": [Function],
  "queryAllByTestId": [Function],
  "queryAllByText": [Function],
  "queryAllByTitle": [Function],
  "queryByAltText": [Function],
  "queryByDisplayValue": [Function],
  "queryByLabelText": [Function],
  "queryByPlaceholderText": [Function],
  "queryByRole": [Function],
  "queryByTestId": [Function],
  "queryByText": [Function],
  "queryByTitle": [Function],
  "rerender": [Function],
  "unmount": [Function],
}
`;
